Archive member included to satisfy reference by file (symbol)

../blinky_bsp/\libhal_bsp.a(alt_load.o)
                              ../blinky_bsp//obj/HAL/src/crt0.o (alt_load)
../blinky_bsp/\libhal_bsp.a(alt_main.o)
                              ../blinky_bsp//obj/HAL/src/crt0.o (alt_main)
../blinky_bsp/\libhal_bsp.a(alt_usleep.o)
                              obj/default/hello_world.o (usleep)
../blinky_bsp/\libhal_bsp.a(alt_sys_init.o)
                              ../blinky_bsp/\libhal_bsp.a(alt_main.o) (alt_irq_init)
../blinky_bsp/\libhal_bsp.a(altera_avalon_jtag_uart_init.o)
                              ../blinky_bsp/\libhal_bsp.a(alt_sys_init.o) (altera_avalon_jtag_uart_init)
../blinky_bsp/\libhal_bsp.a(alt_alarm_start.o)
                              ../blinky_bsp/\libhal_bsp.a(altera_avalon_jtag_uart_init.o) (alt_alarm_start)
../blinky_bsp/\libhal_bsp.a(alt_busy_sleep.o)
                              ../blinky_bsp/\libhal_bsp.a(alt_usleep.o) (alt_busy_sleep)
../blinky_bsp/\libhal_bsp.a(alt_dcache_flush_all.o)
                              ../blinky_bsp/\libhal_bsp.a(alt_load.o) (alt_dcache_flush_all)
../blinky_bsp/\libhal_bsp.a(alt_icache_flush_all.o)
                              ../blinky_bsp/\libhal_bsp.a(alt_load.o) (alt_icache_flush_all)
../blinky_bsp/\libhal_bsp.a(alt_iic.o)
                              ../blinky_bsp/\libhal_bsp.a(altera_avalon_jtag_uart_init.o) (alt_ic_isr_register)
../blinky_bsp/\libhal_bsp.a(alt_iic_isr_register.o)
                              ../blinky_bsp/\libhal_bsp.a(alt_iic.o) (alt_iic_isr_register)
../blinky_bsp/\libhal_bsp.a(alt_irq_entry.o)
                              ../blinky_bsp/\libhal_bsp.a(alt_iic_isr_register.o) (alt_irq_entry)
../blinky_bsp/\libhal_bsp.a(alt_irq_handler.o)
                              ../blinky_bsp/\libhal_bsp.a(alt_iic_isr_register.o) (alt_irq)
../blinky_bsp/\libhal_bsp.a(alt_irq_vars.o)
                              ../blinky_bsp/\libhal_bsp.a(alt_iic.o) (alt_irq_active)
../blinky_bsp/\libhal_bsp.a(alt_tick.o)
                              ../blinky_bsp/\libhal_bsp.a(altera_avalon_jtag_uart_init.o) (_alt_tick_rate)
../blinky_bsp/\libhal_bsp.a(altera_nios2_qsys_irq.o)
                              ../blinky_bsp/\libhal_bsp.a(alt_sys_init.o) (altera_nios2_qsys_irq_init)
../blinky_bsp/\libhal_bsp.a(alt_exception_entry.o)
                              ../blinky_bsp/\libhal_bsp.a(alt_irq_entry.o) (alt_exception)
c:/intelfpga_lite/17.1/nios2eds/bin/gnu/h-x86_64-mingw32/bin/../lib/gcc/nios2-elf/5.3.0/mno-hw-mul\libgcc.a(lib2-divmod.o)
                              ../blinky_bsp/\libhal_bsp.a(alt_busy_sleep.o) (__udivsi3)
c:/intelfpga_lite/17.1/nios2eds/bin/gnu/h-x86_64-mingw32/bin/../lib/gcc/nios2-elf/5.3.0/mno-hw-mul\libgcc.a(lib2-mul.o)
                              ../blinky_bsp/\libhal_bsp.a(alt_busy_sleep.o) (__mulsi3)

Allocating common symbols
Common symbol       size              file

alt_irq             0x100             ../blinky_bsp/\libhal_bsp.a(alt_irq_handler.o)

Memory Configuration

Name             Origin             Length             Attributes
reset            0x0000000000000000 0x0000000000000020
onchip_memory    0x0000000000000020 0x000000000001ffe0
*default*        0x0000000000000000 0xffffffffffffffff

Linker script and memory map

LOAD ../blinky_bsp//obj/HAL/src/crt0.o
LOAD obj/default/hello_world.o
LOAD c:/intelfpga_lite/17.1/nios2eds/bin/gnu/h-x86_64-mingw32/bin/../lib/gcc/nios2-elf/5.3.0/../../../../../H-x86_64-mingw32/nios2-elf/lib/mno-hw-mul\libstdc++.a
LOAD c:/intelfpga_lite/17.1/nios2eds/bin/gnu/h-x86_64-mingw32/bin/../lib/gcc/nios2-elf/5.3.0/../../../../../H-x86_64-mingw32/nios2-elf/lib/mno-hw-mul\libm.a
LOAD c:/intelfpga_lite/17.1/nios2eds/bin/gnu/h-x86_64-mingw32/bin/../lib/gcc/nios2-elf/5.3.0/mno-hw-mul\libgcc.a
START GROUP
LOAD c:/intelfpga_lite/17.1/nios2eds/bin/gnu/h-x86_64-mingw32/bin/../lib/gcc/nios2-elf/5.3.0/../../../../../H-x86_64-mingw32/nios2-elf/lib/mno-hw-mul\libc.a
LOAD c:/intelfpga_lite/17.1/nios2eds/bin/gnu/h-x86_64-mingw32/bin/../lib/gcc/nios2-elf/5.3.0/mno-hw-mul\libgcc.a
LOAD ../blinky_bsp/\libhal_bsp.a
LOAD c:/intelfpga_lite/17.1/nios2eds/bin/gnu/h-x86_64-mingw32/bin/../lib/gcc/nios2-elf/5.3.0/../../../../../H-x86_64-mingw32/nios2-elf/lib/mno-hw-mul\libm.a
END GROUP
LOAD c:/intelfpga_lite/17.1/nios2eds/bin/gnu/h-x86_64-mingw32/bin/../lib/gcc/nios2-elf/5.3.0/mno-hw-mul\libgcc.a
                0x0000000000000000                __alt_mem_onchip_memory = 0x0

.entry          0x0000000000000000       0x20
 *(.entry)
 .entry         0x0000000000000000       0x20 ../blinky_bsp//obj/HAL/src/crt0.o
                0x0000000000000000                __reset
                0x000000000000000c                _exit

.exceptions     0x0000000000000020      0x1a0
                0x0000000000000020                PROVIDE (__ram_exceptions_start, ABSOLUTE (.))
                0x0000000000000020                . = ALIGN (0x20)
 *(.irq)
 *(.exceptions.entry.label)
 .exceptions.entry.label
                0x0000000000000020        0x0 ../blinky_bsp/\libhal_bsp.a(alt_irq_entry.o)
                0x0000000000000020                alt_irq_entry
 .exceptions.entry.label
                0x0000000000000020        0x0 ../blinky_bsp/\libhal_bsp.a(alt_exception_entry.o)
                0x0000000000000020                alt_exception
 *(.exceptions.entry.user)
 *(.exceptions.entry.ecc_fatal)
 *(.exceptions.entry)
 .exceptions.entry
                0x0000000000000020       0x54 ../blinky_bsp/\libhal_bsp.a(alt_exception_entry.o)
 *(.exceptions.irqtest.user)
 *(.exceptions.irqtest)
 .exceptions.irqtest
                0x0000000000000074       0x10 ../blinky_bsp/\libhal_bsp.a(alt_irq_entry.o)
 *(.exceptions.irqhandler.user)
 *(.exceptions.irqhandler)
 .exceptions.irqhandler
                0x0000000000000084        0x4 ../blinky_bsp/\libhal_bsp.a(alt_irq_entry.o)
 *(.exceptions.irqreturn.user)
 *(.exceptions.irqreturn)
 .exceptions.irqreturn
                0x0000000000000088        0x4 ../blinky_bsp/\libhal_bsp.a(alt_irq_entry.o)
 *(.exceptions.notirq.label)
 .exceptions.notirq.label
                0x000000000000008c        0x0 ../blinky_bsp/\libhal_bsp.a(alt_irq_entry.o)
 *(.exceptions.notirq.user)
 *(.exceptions.notirq)
 .exceptions.notirq
                0x000000000000008c        0x8 ../blinky_bsp/\libhal_bsp.a(alt_exception_entry.o)
 *(.exceptions.soft.user)
 *(.exceptions.soft)
 *(.exceptions.unknown.user)
 *(.exceptions.unknown)
 .exceptions.unknown
                0x0000000000000094        0x4 ../blinky_bsp/\libhal_bsp.a(alt_exception_entry.o)
 *(.exceptions.exit.label)
 .exceptions.exit.label
                0x0000000000000098        0x0 ../blinky_bsp/\libhal_bsp.a(alt_irq_entry.o)
 .exceptions.exit.label
                0x0000000000000098        0x0 ../blinky_bsp/\libhal_bsp.a(alt_exception_entry.o)
 *(.exceptions.exit.user)
 *(.exceptions.exit)
 .exceptions.exit
                0x0000000000000098       0x54 ../blinky_bsp/\libhal_bsp.a(alt_exception_entry.o)
 *(.exceptions)
 .exceptions    0x00000000000000ec       0xd4 ../blinky_bsp/\libhal_bsp.a(alt_irq_handler.o)
                0x00000000000000ec                alt_irq_handler
                0x00000000000001c0                PROVIDE (__ram_exceptions_end, ABSOLUTE (.))
                0x0000000000000020                PROVIDE (__flash_exceptions_start, LOADADDR (.exceptions))

.text           0x00000000000001c0      0xf48
                [!provide]                        PROVIDE (stext, ABSOLUTE (.))
 *(.interp)
 *(.hash)
 *(.dynsym)
 *(.dynstr)
 *(.gnu.version)
 *(.gnu.version_d)
 *(.gnu.version_r)
 *(.rel.init)
 *(.rela.init)
 *(.rel.text .rel.text.* .rel.gnu.linkonce.t.*)
 *(.rela.text .rela.text.* .rela.gnu.linkonce.t.*)
 *(.rel.fini)
 *(.rela.fini)
 *(.rel.rodata .rel.rodata.* .rel.gnu.linkonce.r.*)
 *(.rela.rodata .rela.rodata.* .rela.gnu.linkonce.r.*)
 *(.rel.data .rel.data.* .rel.gnu.linkonce.d.*)
 *(.rela.data .rela.data.* .rela.gnu.linkonce.d.*)
 *(.rel.tdata .rel.tdata.* .rel.gnu.linkonce.td.*)
 *(.rela.tdata .rela.tdata.* .rela.gnu.linkonce.td.*)
 *(.rel.tbss .rel.tbss.* .rel.gnu.linkonce.tb.*)
 *(.rela.tbss .rela.tbss.* .rela.gnu.linkonce.tb.*)
 *(.rel.ctors)
 *(.rela.ctors)
 *(.rel.dtors)
 *(.rela.dtors)
 *(.rel.got)
 *(.rela.got)
 *(.rel.sdata .rel.sdata.* .rel.gnu.linkonce.s.*)
 *(.rela.sdata .rela.sdata.* .rela.gnu.linkonce.s.*)
 *(.rel.sbss .rel.sbss.* .rel.gnu.linkonce.sb.*)
 *(.rela.sbss .rela.sbss.* .rela.gnu.linkonce.sb.*)
 *(.rel.sdata2 .rel.sdata2.* .rel.gnu.linkonce.s2.*)
 *(.rela.sdata2 .rela.sdata2.* .rela.gnu.linkonce.s2.*)
 *(.rel.sbss2 .rel.sbss2.* .rel.gnu.linkonce.sb2.*)
 *(.rela.sbss2 .rela.sbss2.* .rela.gnu.linkonce.sb2.*)
 *(.rel.bss .rel.bss.* .rel.gnu.linkonce.b.*)
 *(.rela.bss .rela.bss.* .rela.gnu.linkonce.b.*)
 *(.rel.plt)
 *(.rela.plt)
 *(.rel.dyn)
 *(.init)
 *(.plt)
 *(.text .stub .text.* .gnu.linkonce.t.*)
 .text          0x00000000000001c0       0x3c ../blinky_bsp//obj/HAL/src/crt0.o
                0x00000000000001c0                _start
 .text          0x00000000000001fc       0x4c obj/default/hello_world.o
                0x00000000000001fc                main
 .text          0x0000000000000248       0xec ../blinky_bsp/\libhal_bsp.a(alt_load.o)
                0x00000000000002b0                alt_load
 .text          0x0000000000000334       0x54 ../blinky_bsp/\libhal_bsp.a(alt_main.o)
                0x0000000000000334                alt_main
 .text          0x0000000000000388       0x30 ../blinky_bsp/\libhal_bsp.a(alt_usleep.o)
                0x0000000000000388                usleep
 .text          0x00000000000003b8       0x74 ../blinky_bsp/\libhal_bsp.a(alt_sys_init.o)
                0x00000000000003b8                alt_irq_init
                0x00000000000003f0                alt_sys_init
 .text          0x000000000000042c      0x3d4 ../blinky_bsp/\libhal_bsp.a(altera_avalon_jtag_uart_init.o)
                0x000000000000042c                altera_avalon_jtag_uart_init
                0x0000000000000798                altera_avalon_jtag_uart_close
 .text          0x0000000000000800      0x12c ../blinky_bsp/\libhal_bsp.a(alt_alarm_start.o)
                0x0000000000000800                alt_alarm_start
 .text          0x000000000000092c      0x158 ../blinky_bsp/\libhal_bsp.a(alt_busy_sleep.o)
                0x000000000000092c                alt_busy_sleep
 .text          0x0000000000000a84       0x20 ../blinky_bsp/\libhal_bsp.a(alt_dcache_flush_all.o)
                0x0000000000000a84                alt_dcache_flush_all
 .text          0x0000000000000aa4       0x20 ../blinky_bsp/\libhal_bsp.a(alt_icache_flush_all.o)
                0x0000000000000aa4                alt_icache_flush_all
 .text          0x0000000000000ac4      0x1b0 ../blinky_bsp/\libhal_bsp.a(alt_iic.o)
                0x0000000000000ac4                alt_ic_isr_register
                0x0000000000000b14                alt_ic_irq_enable
                0x0000000000000b9c                alt_ic_irq_disable
                0x0000000000000c28                alt_ic_irq_enabled
 .text          0x0000000000000c74       0xf0 ../blinky_bsp/\libhal_bsp.a(alt_iic_isr_register.o)
                0x0000000000000c74                alt_iic_isr_register
 .text          0x0000000000000d64        0x0 ../blinky_bsp/\libhal_bsp.a(alt_irq_entry.o)
 .text          0x0000000000000d64        0x0 ../blinky_bsp/\libhal_bsp.a(alt_irq_handler.o)
 .text          0x0000000000000d64        0x0 ../blinky_bsp/\libhal_bsp.a(alt_irq_vars.o)
 .text          0x0000000000000d64      0x1a4 ../blinky_bsp/\libhal_bsp.a(alt_tick.o)
                0x0000000000000d64                alt_alarm_stop
                0x0000000000000e00                alt_tick
 .text          0x0000000000000f08       0x24 ../blinky_bsp/\libhal_bsp.a(altera_nios2_qsys_irq.o)
                0x0000000000000f08                altera_nios2_qsys_irq_init
 .text          0x0000000000000f2c        0x0 ../blinky_bsp/\libhal_bsp.a(alt_exception_entry.o)
 .text          0x0000000000000f2c      0x1b4 c:/intelfpga_lite/17.1/nios2eds/bin/gnu/h-x86_64-mingw32/bin/../lib/gcc/nios2-elf/5.3.0/mno-hw-mul\libgcc.a(lib2-divmod.o)
                0x0000000000000f2c                __divsi3
                0x0000000000000fb0                __modsi3
                0x0000000000001024                __udivsi3
                0x0000000000001088                __umodsi3
 .text          0x00000000000010e0       0x28 c:/intelfpga_lite/17.1/nios2eds/bin/gnu/h-x86_64-mingw32/bin/../lib/gcc/nios2-elf/5.3.0/mno-hw-mul\libgcc.a(lib2-mul.o)
                0x00000000000010e0                __mulsi3
 *(.gnu.warning.*)
 *(.fini)
                [!provide]                        PROVIDE (__etext, ABSOLUTE (.))
                [!provide]                        PROVIDE (_etext, ABSOLUTE (.))
                [!provide]                        PROVIDE (etext, ABSOLUTE (.))
 *(.eh_frame_hdr)
                0x0000000000001108                . = ALIGN (0x4)
                [!provide]                        PROVIDE (__preinit_array_start, ABSOLUTE (.))
 *(.preinit_array)
                [!provide]                        PROVIDE (__preinit_array_end, ABSOLUTE (.))
                [!provide]                        PROVIDE (__init_array_start, ABSOLUTE (.))
 *(.init_array)
                [!provide]                        PROVIDE (__init_array_end, ABSOLUTE (.))
                [!provide]                        PROVIDE (__fini_array_start, ABSOLUTE (.))
 *(.fini_array)
                [!provide]                        PROVIDE (__fini_array_end, ABSOLUTE (.))
 *(.eh_frame)
 *(.gcc_except_table .gcc_except_table.*)
 *(.dynamic)
                [!provide]                        PROVIDE (__CTOR_LIST__, ABSOLUTE (.))
 *(.ctors)
 *(SORT(.ctors.*))
                [!provide]                        PROVIDE (__CTOR_END__, ABSOLUTE (.))
                [!provide]                        PROVIDE (__DTOR_LIST__, ABSOLUTE (.))
 *(.dtors)
 *(SORT(.dtors.*))
                [!provide]                        PROVIDE (__DTOR_END__, ABSOLUTE (.))
 *(.jcr)
                0x0000000000001108                . = ALIGN (0x4)

.rodata         0x0000000000001108        0x0
                0x0000000000001108                PROVIDE (__ram_rodata_start, ABSOLUTE (.))
                0x0000000000001108                . = ALIGN (0x4)
 *(.rodata .rodata.* .gnu.linkonce.r.*)
 *(.rodata1)
                0x0000000000001108                . = ALIGN (0x4)
                0x0000000000001108                PROVIDE (__ram_rodata_end, ABSOLUTE (.))
                0x0000000000001108                PROVIDE (__flash_rodata_start, LOADADDR (.rodata))

.rwdata         0x0000000000001108     0x1044 load address 0x000000000000214c
                0x0000000000001108                PROVIDE (__ram_rwdata_start, ABSOLUTE (.))
                0x0000000000001108                . = ALIGN (0x4)
 *(.got.plt)
 *(.got)
 *(.data1)
 *(.data .data.* .gnu.linkonce.d.*)
 .data          0x0000000000001108        0x0 ../blinky_bsp//obj/HAL/src/crt0.o
 .data          0x0000000000001108        0x0 obj/default/hello_world.o
 .data          0x0000000000001108        0x0 ../blinky_bsp/\libhal_bsp.a(alt_load.o)
 .data          0x0000000000001108        0x0 ../blinky_bsp/\libhal_bsp.a(alt_main.o)
 .data          0x0000000000001108        0x0 ../blinky_bsp/\libhal_bsp.a(alt_usleep.o)
 .data          0x0000000000001108     0x1038 ../blinky_bsp/\libhal_bsp.a(alt_sys_init.o)
                0x0000000000001108                jtag_uart
 .data          0x0000000000002140        0x0 ../blinky_bsp/\libhal_bsp.a(altera_avalon_jtag_uart_init.o)
 .data          0x0000000000002140        0x0 ../blinky_bsp/\libhal_bsp.a(alt_alarm_start.o)
 .data          0x0000000000002140        0x0 ../blinky_bsp/\libhal_bsp.a(alt_busy_sleep.o)
 .data          0x0000000000002140        0x0 ../blinky_bsp/\libhal_bsp.a(alt_dcache_flush_all.o)
 .data          0x0000000000002140        0x0 ../blinky_bsp/\libhal_bsp.a(alt_icache_flush_all.o)
 .data          0x0000000000002140        0x0 ../blinky_bsp/\libhal_bsp.a(alt_iic.o)
 .data          0x0000000000002140        0x0 ../blinky_bsp/\libhal_bsp.a(alt_iic_isr_register.o)
 .data          0x0000000000002140        0x0 ../blinky_bsp/\libhal_bsp.a(alt_irq_entry.o)
 .data          0x0000000000002140        0x0 ../blinky_bsp/\libhal_bsp.a(alt_irq_handler.o)
 .data          0x0000000000002140        0x0 ../blinky_bsp/\libhal_bsp.a(alt_irq_vars.o)
 .data          0x0000000000002140        0x0 ../blinky_bsp/\libhal_bsp.a(alt_tick.o)
 .data          0x0000000000002140        0x0 ../blinky_bsp/\libhal_bsp.a(altera_nios2_qsys_irq.o)
 .data          0x0000000000002140        0x0 ../blinky_bsp/\libhal_bsp.a(alt_exception_entry.o)
 .data          0x0000000000002140        0x0 c:/intelfpga_lite/17.1/nios2eds/bin/gnu/h-x86_64-mingw32/bin/../lib/gcc/nios2-elf/5.3.0/mno-hw-mul\libgcc.a(lib2-divmod.o)
 .data          0x0000000000002140        0x0 c:/intelfpga_lite/17.1/nios2eds/bin/gnu/h-x86_64-mingw32/bin/../lib/gcc/nios2-elf/5.3.0/mno-hw-mul\libgcc.a(lib2-mul.o)
                0x000000000000a140                _gp = ABSOLUTE ((. + 0x8000))
                [!provide]                        PROVIDE (gp, _gp)
 *(.rwdata .rwdata.*)
 *(.sdata .sdata.* .gnu.linkonce.s.*)
 .sdata         0x0000000000002140        0x4 ../blinky_bsp/\libhal_bsp.a(alt_irq_vars.o)
                0x0000000000002140                alt_priority_mask
 .sdata         0x0000000000002144        0x8 ../blinky_bsp/\libhal_bsp.a(alt_tick.o)
                0x0000000000002144                alt_alarm_list
 *(.sdata2 .sdata2.* .gnu.linkonce.s2.*)
                0x000000000000214c                . = ALIGN (0x4)
                0x000000000000214c                _edata = ABSOLUTE (.)
                [!provide]                        PROVIDE (edata, ABSOLUTE (.))
                0x000000000000214c                PROVIDE (__ram_rwdata_end, ABSOLUTE (.))
                0x000000000000214c                PROVIDE (__flash_rwdata_start, LOADADDR (.rwdata))

.bss            0x0000000000003190      0x118
                0x0000000000003190                __bss_start = ABSOLUTE (.)
                [!provide]                        PROVIDE (__sbss_start, ABSOLUTE (.))
                [!provide]                        PROVIDE (___sbss_start, ABSOLUTE (.))
 *(.dynsbss)
 *(.sbss .sbss.* .gnu.linkonce.sb.*)
 .sbss          0x0000000000003190        0xc ../blinky_bsp/\libhal_bsp.a(alt_main.o)
                0x0000000000003190                alt_argc
                0x0000000000003194                alt_argv
                0x0000000000003198                alt_envp
 .sbss          0x000000000000319c        0x4 ../blinky_bsp/\libhal_bsp.a(alt_irq_vars.o)
                0x000000000000319c                alt_irq_active
 .sbss          0x00000000000031a0        0x8 ../blinky_bsp/\libhal_bsp.a(alt_tick.o)
                0x00000000000031a0                _alt_tick_rate
                0x00000000000031a4                _alt_nticks
 *(.sbss2 .sbss2.* .gnu.linkonce.sb2.*)
 *(.scommon)
                [!provide]                        PROVIDE (__sbss_end, ABSOLUTE (.))
                [!provide]                        PROVIDE (___sbss_end, ABSOLUTE (.))
 *(.dynbss)
 *(.bss .bss.* .gnu.linkonce.b.*)
 .bss           0x00000000000031a8        0x0 ../blinky_bsp//obj/HAL/src/crt0.o
 .bss           0x00000000000031a8        0x0 obj/default/hello_world.o
 .bss           0x00000000000031a8        0x0 ../blinky_bsp/\libhal_bsp.a(alt_load.o)
 .bss           0x00000000000031a8        0x0 ../blinky_bsp/\libhal_bsp.a(alt_main.o)
 .bss           0x00000000000031a8        0x0 ../blinky_bsp/\libhal_bsp.a(alt_usleep.o)
 .bss           0x00000000000031a8        0x0 ../blinky_bsp/\libhal_bsp.a(alt_sys_init.o)
 .bss           0x00000000000031a8        0x0 ../blinky_bsp/\libhal_bsp.a(altera_avalon_jtag_uart_init.o)
 .bss           0x00000000000031a8        0x0 ../blinky_bsp/\libhal_bsp.a(alt_alarm_start.o)
 .bss           0x00000000000031a8        0x0 ../blinky_bsp/\libhal_bsp.a(alt_busy_sleep.o)
 .bss           0x00000000000031a8        0x0 ../blinky_bsp/\libhal_bsp.a(alt_dcache_flush_all.o)
 .bss           0x00000000000031a8        0x0 ../blinky_bsp/\libhal_bsp.a(alt_icache_flush_all.o)
 .bss           0x00000000000031a8        0x0 ../blinky_bsp/\libhal_bsp.a(alt_iic.o)
 .bss           0x00000000000031a8        0x0 ../blinky_bsp/\libhal_bsp.a(alt_iic_isr_register.o)
 .bss           0x00000000000031a8        0x0 ../blinky_bsp/\libhal_bsp.a(alt_irq_entry.o)
 .bss           0x00000000000031a8        0x0 ../blinky_bsp/\libhal_bsp.a(alt_irq_handler.o)
 .bss           0x00000000000031a8        0x0 ../blinky_bsp/\libhal_bsp.a(alt_irq_vars.o)
 .bss           0x00000000000031a8        0x0 ../blinky_bsp/\libhal_bsp.a(alt_tick.o)
 .bss           0x00000000000031a8        0x0 ../blinky_bsp/\libhal_bsp.a(altera_nios2_qsys_irq.o)
 .bss           0x00000000000031a8        0x0 ../blinky_bsp/\libhal_bsp.a(alt_exception_entry.o)
 .bss           0x00000000000031a8        0x0 c:/intelfpga_lite/17.1/nios2eds/bin/gnu/h-x86_64-mingw32/bin/../lib/gcc/nios2-elf/5.3.0/mno-hw-mul\libgcc.a(lib2-divmod.o)
 .bss           0x00000000000031a8        0x0 c:/intelfpga_lite/17.1/nios2eds/bin/gnu/h-x86_64-mingw32/bin/../lib/gcc/nios2-elf/5.3.0/mno-hw-mul\libgcc.a(lib2-mul.o)
 *(COMMON)
 COMMON         0x00000000000031a8      0x100 ../blinky_bsp/\libhal_bsp.a(alt_irq_handler.o)
                0x00000000000031a8                alt_irq
                0x00000000000032a8                . = ALIGN (0x4)
                0x00000000000032a8                __bss_end = ABSOLUTE (.)

.onchip_memory  0x00000000000032a8        0x0
                [!provide]                        PROVIDE (_alt_partition_onchip_memory_start, ABSOLUTE (.))
 *(.onchip_memory .onchip_memory. onchip_memory.*)
                0x00000000000032a8                . = ALIGN (0x4)
                [!provide]                        PROVIDE (_alt_partition_onchip_memory_end, ABSOLUTE (.))
                0x00000000000032a8                _end = ABSOLUTE (.)
                0x00000000000032a8                end = ABSOLUTE (.)
                0x00000000000032a8                __alt_stack_base = ABSOLUTE (.)
                [!provide]                        PROVIDE (_alt_partition_onchip_memory_load_addr, LOADADDR (.onchip_memory))

.stab
 *(.stab)

.stabstr
 *(.stabstr)

.stab.excl
 *(.stab.excl)

.stab.exclstr
 *(.stab.exclstr)

.stab.index
 *(.stab.index)

.stab.indexstr
 *(.stab.indexstr)

.comment        0x0000000000000000       0x23
 *(.comment)
 .comment       0x0000000000000000       0x23 obj/default/hello_world.o
                                         0x24 (size before relaxing)
 .comment       0x0000000000000023       0x24 ../blinky_bsp/\libhal_bsp.a(alt_load.o)
 .comment       0x0000000000000023       0x24 ../blinky_bsp/\libhal_bsp.a(alt_main.o)
 .comment       0x0000000000000023       0x24 ../blinky_bsp/\libhal_bsp.a(alt_usleep.o)
 .comment       0x0000000000000023       0x24 ../blinky_bsp/\libhal_bsp.a(alt_sys_init.o)
 .comment       0x0000000000000023       0x24 ../blinky_bsp/\libhal_bsp.a(altera_avalon_jtag_uart_init.o)
 .comment       0x0000000000000023       0x24 ../blinky_bsp/\libhal_bsp.a(alt_alarm_start.o)
 .comment       0x0000000000000023       0x24 ../blinky_bsp/\libhal_bsp.a(alt_busy_sleep.o)
 .comment       0x0000000000000023       0x24 ../blinky_bsp/\libhal_bsp.a(alt_dcache_flush_all.o)
 .comment       0x0000000000000023       0x24 ../blinky_bsp/\libhal_bsp.a(alt_icache_flush_all.o)
 .comment       0x0000000000000023       0x24 ../blinky_bsp/\libhal_bsp.a(alt_iic.o)
 .comment       0x0000000000000023       0x24 ../blinky_bsp/\libhal_bsp.a(alt_iic_isr_register.o)
 .comment       0x0000000000000023       0x24 ../blinky_bsp/\libhal_bsp.a(alt_irq_handler.o)
 .comment       0x0000000000000023       0x24 ../blinky_bsp/\libhal_bsp.a(alt_irq_vars.o)
 .comment       0x0000000000000023       0x24 ../blinky_bsp/\libhal_bsp.a(alt_tick.o)
 .comment       0x0000000000000023       0x24 ../blinky_bsp/\libhal_bsp.a(altera_nios2_qsys_irq.o)
 .comment       0x0000000000000023       0x24 c:/intelfpga_lite/17.1/nios2eds/bin/gnu/h-x86_64-mingw32/bin/../lib/gcc/nios2-elf/5.3.0/mno-hw-mul\libgcc.a(lib2-divmod.o)
 .comment       0x0000000000000023       0x24 c:/intelfpga_lite/17.1/nios2eds/bin/gnu/h-x86_64-mingw32/bin/../lib/gcc/nios2-elf/5.3.0/mno-hw-mul\libgcc.a(lib2-mul.o)

.debug
 *(.debug)

.line
 *(.line)

.debug_srcinfo
 *(.debug_srcinfo)

.debug_sfnames
 *(.debug_sfnames)

.debug_aranges  0x0000000000000000      0x2c8
 *(.debug_aranges)
 .debug_aranges
                0x0000000000000000       0x28 ../blinky_bsp//obj/HAL/src/crt0.o
 .debug_aranges
                0x0000000000000028       0x20 obj/default/hello_world.o
 .debug_aranges
                0x0000000000000048       0x20 ../blinky_bsp/\libhal_bsp.a(alt_load.o)
 .debug_aranges
                0x0000000000000068       0x20 ../blinky_bsp/\libhal_bsp.a(alt_main.o)
 .debug_aranges
                0x0000000000000088       0x20 ../blinky_bsp/\libhal_bsp.a(alt_usleep.o)
 .debug_aranges
                0x00000000000000a8       0x20 ../blinky_bsp/\libhal_bsp.a(alt_sys_init.o)
 .debug_aranges
                0x00000000000000c8       0x20 ../blinky_bsp/\libhal_bsp.a(altera_avalon_jtag_uart_init.o)
 .debug_aranges
                0x00000000000000e8       0x20 ../blinky_bsp/\libhal_bsp.a(alt_alarm_start.o)
 .debug_aranges
                0x0000000000000108       0x20 ../blinky_bsp/\libhal_bsp.a(alt_busy_sleep.o)
 .debug_aranges
                0x0000000000000128       0x20 ../blinky_bsp/\libhal_bsp.a(alt_dcache_flush_all.o)
 .debug_aranges
                0x0000000000000148       0x20 ../blinky_bsp/\libhal_bsp.a(alt_icache_flush_all.o)
 .debug_aranges
                0x0000000000000168       0x20 ../blinky_bsp/\libhal_bsp.a(alt_iic.o)
 .debug_aranges
                0x0000000000000188       0x20 ../blinky_bsp/\libhal_bsp.a(alt_iic_isr_register.o)
 .debug_aranges
                0x00000000000001a8       0x30 ../blinky_bsp/\libhal_bsp.a(alt_irq_entry.o)
 .debug_aranges
                0x00000000000001d8       0x20 ../blinky_bsp/\libhal_bsp.a(alt_irq_handler.o)
 .debug_aranges
                0x00000000000001f8       0x18 ../blinky_bsp/\libhal_bsp.a(alt_irq_vars.o)
 .debug_aranges
                0x0000000000000210       0x20 ../blinky_bsp/\libhal_bsp.a(alt_tick.o)
 .debug_aranges
                0x0000000000000230       0x20 ../blinky_bsp/\libhal_bsp.a(altera_nios2_qsys_irq.o)
 .debug_aranges
                0x0000000000000250       0x38 ../blinky_bsp/\libhal_bsp.a(alt_exception_entry.o)
 .debug_aranges
                0x0000000000000288       0x20 c:/intelfpga_lite/17.1/nios2eds/bin/gnu/h-x86_64-mingw32/bin/../lib/gcc/nios2-elf/5.3.0/mno-hw-mul\libgcc.a(lib2-divmod.o)
 .debug_aranges
                0x00000000000002a8       0x20 c:/intelfpga_lite/17.1/nios2eds/bin/gnu/h-x86_64-mingw32/bin/../lib/gcc/nios2-elf/5.3.0/mno-hw-mul\libgcc.a(lib2-mul.o)

.debug_pubnames
 *(.debug_pubnames)

.debug_info     0x0000000000000000     0x1e3e
 *(.debug_info .gnu.linkonce.wi.*)
 .debug_info    0x0000000000000000       0x88 ../blinky_bsp//obj/HAL/src/crt0.o
 .debug_info    0x0000000000000088       0xab obj/default/hello_world.o
 .debug_info    0x0000000000000133      0x145 ../blinky_bsp/\libhal_bsp.a(alt_load.o)
 .debug_info    0x0000000000000278      0x11e ../blinky_bsp/\libhal_bsp.a(alt_main.o)
 .debug_info    0x0000000000000396       0xb0 ../blinky_bsp/\libhal_bsp.a(alt_usleep.o)
 .debug_info    0x0000000000000446      0x276 ../blinky_bsp/\libhal_bsp.a(alt_sys_init.o)
 .debug_info    0x00000000000006bc      0x3a0 ../blinky_bsp/\libhal_bsp.a(altera_avalon_jtag_uart_init.o)
 .debug_info    0x0000000000000a5c      0x2cc ../blinky_bsp/\libhal_bsp.a(alt_alarm_start.o)
 .debug_info    0x0000000000000d28       0xd7 ../blinky_bsp/\libhal_bsp.a(alt_busy_sleep.o)
 .debug_info    0x0000000000000dff       0x92 ../blinky_bsp/\libhal_bsp.a(alt_dcache_flush_all.o)
 .debug_info    0x0000000000000e91       0x92 ../blinky_bsp/\libhal_bsp.a(alt_icache_flush_all.o)
 .debug_info    0x0000000000000f23      0x350 ../blinky_bsp/\libhal_bsp.a(alt_iic.o)
 .debug_info    0x0000000000001273      0x1ef ../blinky_bsp/\libhal_bsp.a(alt_iic_isr_register.o)
 .debug_info    0x0000000000001462       0x91 ../blinky_bsp/\libhal_bsp.a(alt_irq_entry.o)
 .debug_info    0x00000000000014f3      0x187 ../blinky_bsp/\libhal_bsp.a(alt_irq_handler.o)
 .debug_info    0x000000000000167a       0x88 ../blinky_bsp/\libhal_bsp.a(alt_irq_vars.o)
 .debug_info    0x0000000000001702      0x299 ../blinky_bsp/\libhal_bsp.a(alt_tick.o)
 .debug_info    0x000000000000199b       0x92 ../blinky_bsp/\libhal_bsp.a(altera_nios2_qsys_irq.o)
 .debug_info    0x0000000000001a2d       0x97 ../blinky_bsp/\libhal_bsp.a(alt_exception_entry.o)
 .debug_info    0x0000000000001ac4      0x2c6 c:/intelfpga_lite/17.1/nios2eds/bin/gnu/h-x86_64-mingw32/bin/../lib/gcc/nios2-elf/5.3.0/mno-hw-mul\libgcc.a(lib2-divmod.o)
 .debug_info    0x0000000000001d8a       0xb4 c:/intelfpga_lite/17.1/nios2eds/bin/gnu/h-x86_64-mingw32/bin/../lib/gcc/nios2-elf/5.3.0/mno-hw-mul\libgcc.a(lib2-mul.o)

.debug_abbrev   0x0000000000000000      0xeb5
 *(.debug_abbrev)
 .debug_abbrev  0x0000000000000000       0x12 ../blinky_bsp//obj/HAL/src/crt0.o
 .debug_abbrev  0x0000000000000012       0x5a obj/default/hello_world.o
 .debug_abbrev  0x000000000000006c       0x9f ../blinky_bsp/\libhal_bsp.a(alt_load.o)
 .debug_abbrev  0x000000000000010b       0xa9 ../blinky_bsp/\libhal_bsp.a(alt_main.o)
 .debug_abbrev  0x00000000000001b4       0x60 ../blinky_bsp/\libhal_bsp.a(alt_usleep.o)
 .debug_abbrev  0x0000000000000214      0x134 ../blinky_bsp/\libhal_bsp.a(alt_sys_init.o)
 .debug_abbrev  0x0000000000000348      0x19e ../blinky_bsp/\libhal_bsp.a(altera_avalon_jtag_uart_init.o)
 .debug_abbrev  0x00000000000004e6      0x162 ../blinky_bsp/\libhal_bsp.a(alt_alarm_start.o)
 .debug_abbrev  0x0000000000000648       0x7e ../blinky_bsp/\libhal_bsp.a(alt_busy_sleep.o)
 .debug_abbrev  0x00000000000006c6       0x42 ../blinky_bsp/\libhal_bsp.a(alt_dcache_flush_all.o)
 .debug_abbrev  0x0000000000000708       0x42 ../blinky_bsp/\libhal_bsp.a(alt_icache_flush_all.o)
 .debug_abbrev  0x000000000000074a      0x163 ../blinky_bsp/\libhal_bsp.a(alt_iic.o)
 .debug_abbrev  0x00000000000008ad      0x169 ../blinky_bsp/\libhal_bsp.a(alt_iic_isr_register.o)
 .debug_abbrev  0x0000000000000a16       0x12 ../blinky_bsp/\libhal_bsp.a(alt_irq_entry.o)
 .debug_abbrev  0x0000000000000a28      0x122 ../blinky_bsp/\libhal_bsp.a(alt_irq_handler.o)
 .debug_abbrev  0x0000000000000b4a       0x40 ../blinky_bsp/\libhal_bsp.a(alt_irq_vars.o)
 .debug_abbrev  0x0000000000000b8a      0x15a ../blinky_bsp/\libhal_bsp.a(alt_tick.o)
 .debug_abbrev  0x0000000000000ce4       0x42 ../blinky_bsp/\libhal_bsp.a(altera_nios2_qsys_irq.o)
 .debug_abbrev  0x0000000000000d26       0x12 ../blinky_bsp/\libhal_bsp.a(alt_exception_entry.o)
 .debug_abbrev  0x0000000000000d38      0x10e c:/intelfpga_lite/17.1/nios2eds/bin/gnu/h-x86_64-mingw32/bin/../lib/gcc/nios2-elf/5.3.0/mno-hw-mul\libgcc.a(lib2-divmod.o)
 .debug_abbrev  0x0000000000000e46       0x6f c:/intelfpga_lite/17.1/nios2eds/bin/gnu/h-x86_64-mingw32/bin/../lib/gcc/nios2-elf/5.3.0/mno-hw-mul\libgcc.a(lib2-mul.o)

.debug_line     0x0000000000000000      0xdfa
 *(.debug_line)
 .debug_line    0x0000000000000000       0x66 ../blinky_bsp//obj/HAL/src/crt0.o
 .debug_line    0x0000000000000066       0x55 obj/default/hello_world.o
 .debug_line    0x00000000000000bb       0x8e ../blinky_bsp/\libhal_bsp.a(alt_load.o)
 .debug_line    0x0000000000000149       0x99 ../blinky_bsp/\libhal_bsp.a(alt_main.o)
 .debug_line    0x00000000000001e2       0xad ../blinky_bsp/\libhal_bsp.a(alt_usleep.o)
 .debug_line    0x000000000000028f       0xfa ../blinky_bsp/\libhal_bsp.a(alt_sys_init.o)
 .debug_line    0x0000000000000389      0x18b ../blinky_bsp/\libhal_bsp.a(altera_avalon_jtag_uart_init.o)
 .debug_line    0x0000000000000514       0xf9 ../blinky_bsp/\libhal_bsp.a(alt_alarm_start.o)
 .debug_line    0x000000000000060d       0xa2 ../blinky_bsp/\libhal_bsp.a(alt_busy_sleep.o)
 .debug_line    0x00000000000006af       0x51 ../blinky_bsp/\libhal_bsp.a(alt_dcache_flush_all.o)
 .debug_line    0x0000000000000700       0x4f ../blinky_bsp/\libhal_bsp.a(alt_icache_flush_all.o)
 .debug_line    0x000000000000074f       0xeb ../blinky_bsp/\libhal_bsp.a(alt_iic.o)
 .debug_line    0x000000000000083a       0xdb ../blinky_bsp/\libhal_bsp.a(alt_iic_isr_register.o)
 .debug_line    0x0000000000000915       0x6b ../blinky_bsp/\libhal_bsp.a(alt_irq_entry.o)
 .debug_line    0x0000000000000980       0xaa ../blinky_bsp/\libhal_bsp.a(alt_irq_handler.o)
 .debug_line    0x0000000000000a2a       0x50 ../blinky_bsp/\libhal_bsp.a(alt_irq_vars.o)
 .debug_line    0x0000000000000a7a       0xff ../blinky_bsp/\libhal_bsp.a(alt_tick.o)
 .debug_line    0x0000000000000b79       0x51 ../blinky_bsp/\libhal_bsp.a(altera_nios2_qsys_irq.o)
 .debug_line    0x0000000000000bca       0xab ../blinky_bsp/\libhal_bsp.a(alt_exception_entry.o)
 .debug_line    0x0000000000000c75      0x105 c:/intelfpga_lite/17.1/nios2eds/bin/gnu/h-x86_64-mingw32/bin/../lib/gcc/nios2-elf/5.3.0/mno-hw-mul\libgcc.a(lib2-divmod.o)
 .debug_line    0x0000000000000d7a       0x80 c:/intelfpga_lite/17.1/nios2eds/bin/gnu/h-x86_64-mingw32/bin/../lib/gcc/nios2-elf/5.3.0/mno-hw-mul\libgcc.a(lib2-mul.o)

.debug_frame    0x0000000000000000      0x4e4
 *(.debug_frame)
 .debug_frame   0x0000000000000000       0x2c obj/default/hello_world.o
 .debug_frame   0x000000000000002c       0x5c ../blinky_bsp/\libhal_bsp.a(alt_load.o)
 .debug_frame   0x0000000000000088       0x38 ../blinky_bsp/\libhal_bsp.a(alt_main.o)
 .debug_frame   0x00000000000000c0       0x38 ../blinky_bsp/\libhal_bsp.a(alt_usleep.o)
 .debug_frame   0x00000000000000f8       0x60 ../blinky_bsp/\libhal_bsp.a(alt_sys_init.o)
 .debug_frame   0x0000000000000158       0xa4 ../blinky_bsp/\libhal_bsp.a(altera_avalon_jtag_uart_init.o)
 .debug_frame   0x00000000000001fc       0x34 ../blinky_bsp/\libhal_bsp.a(alt_alarm_start.o)
 .debug_frame   0x0000000000000230       0x38 ../blinky_bsp/\libhal_bsp.a(alt_busy_sleep.o)
 .debug_frame   0x0000000000000268       0x34 ../blinky_bsp/\libhal_bsp.a(alt_dcache_flush_all.o)
 .debug_frame   0x000000000000029c       0x34 ../blinky_bsp/\libhal_bsp.a(alt_icache_flush_all.o)
 .debug_frame   0x00000000000002d0       0xa4 ../blinky_bsp/\libhal_bsp.a(alt_iic.o)
 .debug_frame   0x0000000000000374       0x38 ../blinky_bsp/\libhal_bsp.a(alt_iic_isr_register.o)
 .debug_frame   0x00000000000003ac       0x38 ../blinky_bsp/\libhal_bsp.a(alt_irq_handler.o)
 .debug_frame   0x00000000000003e4       0x5c ../blinky_bsp/\libhal_bsp.a(alt_tick.o)
 .debug_frame   0x0000000000000440       0x34 ../blinky_bsp/\libhal_bsp.a(altera_nios2_qsys_irq.o)
 .debug_frame   0x0000000000000474       0x50 c:/intelfpga_lite/17.1/nios2eds/bin/gnu/h-x86_64-mingw32/bin/../lib/gcc/nios2-elf/5.3.0/mno-hw-mul\libgcc.a(lib2-divmod.o)
 .debug_frame   0x00000000000004c4       0x20 c:/intelfpga_lite/17.1/nios2eds/bin/gnu/h-x86_64-mingw32/bin/../lib/gcc/nios2-elf/5.3.0/mno-hw-mul\libgcc.a(lib2-mul.o)

.debug_str      0x0000000000000000      0x9d1
 *(.debug_str)
 .debug_str     0x0000000000000000      0x111 obj/default/hello_world.o
                                        0x14f (size before relaxing)
 .debug_str     0x0000000000000111      0x145 ../blinky_bsp/\libhal_bsp.a(alt_load.o)
                                        0x22c (size before relaxing)
 .debug_str     0x0000000000000256       0x75 ../blinky_bsp/\libhal_bsp.a(alt_main.o)
                                        0x1b0 (size before relaxing)
 .debug_str     0x00000000000002cb       0x27 ../blinky_bsp/\libhal_bsp.a(alt_usleep.o)
                                        0x162 (size before relaxing)
 .debug_str     0x00000000000002f2      0x110 ../blinky_bsp/\libhal_bsp.a(alt_sys_init.o)
                                        0x2b4 (size before relaxing)
 .debug_str     0x0000000000000402       0xe2 ../blinky_bsp/\libhal_bsp.a(altera_avalon_jtag_uart_init.o)
                                        0x352 (size before relaxing)
 .debug_str     0x00000000000004e4       0x96 ../blinky_bsp/\libhal_bsp.a(alt_alarm_start.o)
                                        0x298 (size before relaxing)
 .debug_str     0x000000000000057a       0x42 ../blinky_bsp/\libhal_bsp.a(alt_busy_sleep.o)
                                        0x185 (size before relaxing)
 .debug_str     0x00000000000005bc       0x34 ../blinky_bsp/\libhal_bsp.a(alt_dcache_flush_all.o)
                                        0x16f (size before relaxing)
 .debug_str     0x00000000000005f0       0x34 ../blinky_bsp/\libhal_bsp.a(alt_icache_flush_all.o)
                                        0x16f (size before relaxing)
 .debug_str     0x0000000000000624       0xc4 ../blinky_bsp/\libhal_bsp.a(alt_iic.o)
                                        0x258 (size before relaxing)
 .debug_str     0x00000000000006e8       0x4c ../blinky_bsp/\libhal_bsp.a(alt_iic_isr_register.o)
                                        0x202 (size before relaxing)
 .debug_str     0x0000000000000734       0x3a ../blinky_bsp/\libhal_bsp.a(alt_irq_handler.o)
                                        0x1b1 (size before relaxing)
 .debug_str     0x000000000000076e       0x17 ../blinky_bsp/\libhal_bsp.a(alt_irq_vars.o)
                                        0x154 (size before relaxing)
 .debug_str     0x0000000000000785       0x4a ../blinky_bsp/\libhal_bsp.a(alt_tick.o)
                                        0x26c (size before relaxing)
 .debug_str     0x00000000000007cf       0x3b ../blinky_bsp/\libhal_bsp.a(altera_nios2_qsys_irq.o)
                                        0x176 (size before relaxing)
 .debug_str     0x000000000000080a      0x187 c:/intelfpga_lite/17.1/nios2eds/bin/gnu/h-x86_64-mingw32/bin/../lib/gcc/nios2-elf/5.3.0/mno-hw-mul\libgcc.a(lib2-divmod.o)
                                        0x1d2 (size before relaxing)
 .debug_str     0x0000000000000991       0x40 c:/intelfpga_lite/17.1/nios2eds/bin/gnu/h-x86_64-mingw32/bin/../lib/gcc/nios2-elf/5.3.0/mno-hw-mul\libgcc.a(lib2-mul.o)
                                        0x193 (size before relaxing)

.debug_loc      0x0000000000000000      0x561
 *(.debug_loc)
 .debug_loc     0x0000000000000000      0x4ce c:/intelfpga_lite/17.1/nios2eds/bin/gnu/h-x86_64-mingw32/bin/../lib/gcc/nios2-elf/5.3.0/mno-hw-mul\libgcc.a(lib2-divmod.o)
 .debug_loc     0x00000000000004ce       0x93 c:/intelfpga_lite/17.1/nios2eds/bin/gnu/h-x86_64-mingw32/bin/../lib/gcc/nios2-elf/5.3.0/mno-hw-mul\libgcc.a(lib2-mul.o)

.debug_macinfo
 *(.debug_macinfo)

.debug_weaknames
 *(.debug_weaknames)

.debug_funcnames
 *(.debug_funcnames)

.debug_typenames
 *(.debug_typenames)

.debug_varnames
 *(.debug_varnames)

.debug_alt_sim_info
                0x0000000000000000       0x40
 *(.debug_alt_sim_info)
 .debug_alt_sim_info
                0x0000000000000000       0x10 ../blinky_bsp//obj/HAL/src/crt0.o
 .debug_alt_sim_info
                0x0000000000000010       0x30 ../blinky_bsp/\libhal_bsp.a(alt_busy_sleep.o)
                0x0000000000020000                __alt_data_end = 0x20000
                0x0000000000020000                PROVIDE (__alt_stack_pointer, __alt_data_end)
                [!provide]                        PROVIDE (__alt_stack_limit, __alt_stack_base)
                [!provide]                        PROVIDE (__alt_heap_start, end)
                [!provide]                        PROVIDE (__alt_heap_limit, 0x20000)
OUTPUT(blinky.elf elf32-littlenios2)

.debug_ranges   0x0000000000000000      0x118
 .debug_ranges  0x0000000000000000       0x20 ../blinky_bsp//obj/HAL/src/crt0.o
 .debug_ranges  0x0000000000000020       0x30 ../blinky_bsp/\libhal_bsp.a(altera_avalon_jtag_uart_init.o)
 .debug_ranges  0x0000000000000050       0x28 ../blinky_bsp/\libhal_bsp.a(alt_irq_entry.o)
 .debug_ranges  0x0000000000000078       0x10 ../blinky_bsp/\libhal_bsp.a(alt_irq_handler.o)
 .debug_ranges  0x0000000000000088       0x30 ../blinky_bsp/\libhal_bsp.a(alt_exception_entry.o)
 .debug_ranges  0x00000000000000b8       0x60 c:/intelfpga_lite/17.1/nios2eds/bin/gnu/h-x86_64-mingw32/bin/../lib/gcc/nios2-elf/5.3.0/mno-hw-mul\libgcc.a(lib2-divmod.o)
